===== Outer Symbol Table =====
boolean	_type_	constant	_boolean_
integer	_type_	constant	_integer_
real	_type_	constant	_real_
false	_boolean_	constant	_false_
true	_boolean_	constant	_true_
paramcount	_function_
program	_program_

===== Function Symbol Table =====
paramcount	_integer_	return

===== Program Symbol Table =====
x	_integer_
y	_integer_
readexpression	_function_
readoperand	_function_
gcd	_function_

===== Function Symbol Table =====
readexpression	_integer_	return
this	_real_
op	_real_

===== Function Symbol Table =====
readoperand	_integer_	return

===== Function Symbol Table =====
gcd	_real_	return
a	_integer_	param
b	_integer_	param