===== Outer Symbol Table =====
boolean	_type_	constant	_boolean_
integer	_type_	constant	_integer_
real	_type_	constant	_real_
false	_boolean_	constant	_false_
true	_boolean_	constant	_true_
paramcount	_function_
program	_program_

===== Function Symbol Table =====
paramcount	_integer_	return

===== Program Symbol Table =====
a	_integer_
b	_integer_
c	_integer_
x	_real_
spj	_function_
gcd	_function_

===== Function Symbol Table =====
spj	_integer_	return
w	_integer_	param

===== Function Symbol Table =====
gcd	_integer_	return
d	_integer_	param
e	_integer_	param
