===== Outer Symbol Table =====
boolean	_type_	constant	_boolean_
integer	_type_	constant	_integer_
real	_type_	constant	_real_
false	_boolean_	constant	_false_
true	_boolean_	constant	_true_
paramcount	_function_
program	_program_

===== Function Symbol Table =====
paramcount	_integer_	return

===== Program Symbol Table =====
spj	_function_

===== Function Symbol Table =====
spj	_integer_	return
w	_integer_	param
coiso	_integer_
coiso2	_integer_
