===== Outer Symbol Table =====
boolean	_type_	constant	_boolean_
integer	_type_	constant	_integer_
real	_type_	constant	_real_
false	_boolean_	constant	_false_
true	_boolean_	constant	_true_
paramcount	_function_
program	_program_

===== Function Symbol Table =====
paramcount	_integer_	return

===== Program Symbol Table =====
gcd	_function_
decla	_function_
gcd123	_function_
declaratio1	_function_

===== Function Symbol Table =====
gcd	_integer_	return
a	_brolly_	varparam
b	_brolly_	varparam
l	_boolean_	param
k213123saa	_boolean_	param
x	_integer_
y	_integer_

===== Function Symbol Table =====
decla	_integer_	return
int	_integer_

===== Function Symbol Table =====
gcd123	_integer_	return
z	_integer_	param
e	_integer_	param
boolean	_integer_
integer	_integer_
integ	_boolean_
paramcount	_boolean_

===== Function Symbol Table =====
declaratio1	_integer_	return
qwerty	_integer_