Line 4, col 2: unterminated string
Line 7, col 17: illegal character ('}')
Line 14, col 10: syntax error: program
Program
..Id(echo)
..VarPart
....VarDecl
......Id(x)
......Id(integer)
..FuncPart
..StatList
....ValParam
......IntLit(1)
......Id(x)
....WriteLn
......Id(x)
