Line 1, col 22: illegal character ('')
Line 1, col 38: illegal character ('')
Line 1, col 44: illegal character ('')
Line 1, col 66: illegal character ('')
Line 1, col 78: illegal character ('')
===== Outer Symbol Table =====
boolean	_type_	constant	_boolean_
integer	_type_	constant	_integer_
real	_type_	constant	_real_
false	_boolean_	constant	_false_
true	_boolean_	constant	_true_
paramcount	_function_
program	_program_

===== Function Symbol Table =====
paramcount	_integer_	return

===== Program Symbol Table =====
x	_integer_
