Line 4, col 11: Cannot write values of type _type_
