Line 4, col 9: Symbol functionnotexist not defined
