Line 2, col 19: Symbol typenaoexistente not defined
