Line 10, col 20: Incompatible type in while statement (got _integer_, expected _boolean_)
