Line 12, col 21: Incompatible type in repeat-until statement (got _integer_, expected _boolean_)
