Line 15, col 11: Incompatible type for argument 2 in call to function max (got _boolean_, expected _integer_)
