===== Outer Symbol Table =====
boolean	_type_	constant	_boolean_
integer	_type_	constant	_integer_
real	_type_	constant	_real_
false	_boolean_	constant	_false_
true	_boolean_	constant	_true_
paramcount	_function_
program	_program_

===== Function Symbol Table =====
paramcount	_integer_	return

===== Program Symbol Table =====
a1	_integer_
b1	_integer_
c1	_integer_
myfunction	_function_

===== Function Symbol Table =====
myfunction	_integer_	return
a2	_integer_
b2	_integer_
c2	_integer_
